	Command being timed: "python3 tools/audit_r45_gluing_proofs.py build/r45-gluing-d08-v1/proofs-v1/manifest.json build/r45-gluing-d08-v1/manifest.json build/r45-gluing-d08-v1/proofs-v1 --checker .tools/src/drat-trim/drat-trim --audit-dir build/r45-gluing-d08-v1/proofs-v1/independent-audit-logs --output build/r45-gluing-d08-v1/proofs-v1/independent-audit.json --jobs 12"
	User time (seconds): 413.12
	System time (seconds): 2.68
	Percent of CPU this job got: 235%
	Elapsed (wall clock) time (h:mm:ss or m:ss): 2:56.66
	Average shared text size (kbytes): 0
	Average unshared data size (kbytes): 0
	Average stack size (kbytes): 0
	Average total size (kbytes): 0
	Maximum resident set size (kbytes): 219136
	Average resident set size (kbytes): 0
	Major (requiring I/O) page faults: 0
	Minor (reclaiming a frame) page faults: 1088274
	Voluntary context switches: 2633
	Involuntary context switches: 682
	Swaps: 0
	File system inputs: 16
	File system outputs: 512
	Socket messages sent: 0
	Socket messages received: 0
	Signals delivered: 0
	Page size (bytes): 4096
	Exit status: 0
