	Command being timed: "env RAMSEY55_GLUE_LABEL=GLUE358 RAMSEY55_GLUE_PBL=/data/ramsey55/external/barakeel-formal-poly592/src/glue358_pbl_ramsey55_v1 /data/ramsey55/external/barakeel-formal-poly592/HOL/bin/hol --q"
	User time (seconds): 2.20
	System time (seconds): 0.30
	Percent of CPU this job got: 100%
	Elapsed (wall clock) time (h:mm:ss or m:ss): 0:02.50
	Average shared text size (kbytes): 0
	Average unshared data size (kbytes): 0
	Average stack size (kbytes): 0
	Average total size (kbytes): 0
	Maximum resident set size (kbytes): 208772
	Average resident set size (kbytes): 0
	Major (requiring I/O) page faults: 0
	Minor (reclaiming a frame) page faults: 138951
	Voluntary context switches: 251
	Involuntary context switches: 6
	Swaps: 0
	File system inputs: 0
	File system outputs: 64
	Socket messages sent: 0
	Socket messages received: 0
	Signals delivered: 0
	Page size (bytes): 4096
	Exit status: 0
