	Command being timed: "env RAMSEY55_GLUE_LABEL=GLUE358 RAMSEY55_GLUE_PBL=/data/ramsey55/external/barakeel-formal-poly592/src/glue358_pbl_ramsey55_v1 RAMSEY55_GLUE_THEORY_DIR=/data/ramsey55/external/barakeel-formal-poly592/src/work_glue358_ramsey55_direct_full_v2 RAMSEY55_GLUE_EXPECTED_COUNT=54 RAMSEY55_GLUE_MEMORY_MB=20000 /data/ramsey55/external/barakeel-formal-poly592/HOL/bin/hol --q"
	User time (seconds): 1957.55
	System time (seconds): 144.10
	Percent of CPU this job got: 100%
	Elapsed (wall clock) time (h:mm:ss or m:ss): 34:58.55
	Average shared text size (kbytes): 0
	Average unshared data size (kbytes): 0
	Average stack size (kbytes): 0
	Average total size (kbytes): 0
	Maximum resident set size (kbytes): 15247472
	Average resident set size (kbytes): 0
	Major (requiring I/O) page faults: 0
	Minor (reclaiming a frame) page faults: 26321244
	Voluntary context switches: 306409
	Involuntary context switches: 5849
	Swaps: 0
	File system inputs: 0
	File system outputs: 10321872
	Socket messages sent: 0
	Socket messages received: 0
	Signals delivered: 0
	Page size (bytes): 4096
	Exit status: 0
