	Command being timed: "python3 tools/verify_r45_gluing_branches.py build/r45-gluing-d08-v1/manifest.json --cover-dir /data/ramsey55/external/barakeel-gen --archive /data/ramsey55/external/gen.tar.gz"
	User time (seconds): 4.49
	System time (seconds): 0.04
	Percent of CPU this job got: 99%
	Elapsed (wall clock) time (h:mm:ss or m:ss): 0:04.53
	Average shared text size (kbytes): 0
	Average unshared data size (kbytes): 0
	Average stack size (kbytes): 0
	Average total size (kbytes): 0
	Maximum resident set size (kbytes): 18432
	Average resident set size (kbytes): 0
	Major (requiring I/O) page faults: 0
	Minor (reclaiming a frame) page faults: 2941
	Voluntary context switches: 3
	Involuntary context switches: 23
	Swaps: 0
	File system inputs: 16
	File system outputs: 8
	Socket messages sent: 0
	Socket messages received: 0
	Signals delivered: 0
	Page size (bytes): 4096
	Exit status: 0
