	Command being timed: "python3 tools/audit_small_ramsey_certificate.py data/certificates/r34-n9/manifest.json --root . --checker .tools/src/drat-trim/drat-trim --rerun-checker --rerun-reconstructor --rerun-typed --lrat-checker-source .tools/src/drat-trim/lrat-check.c --rerun-lrat"
	User time (seconds): 4.02
	System time (seconds): 1.39
	Percent of CPU this job got: 105%
	Elapsed (wall clock) time (h:mm:ss or m:ss): 0:05.14
	Average shared text size (kbytes): 0
	Average unshared data size (kbytes): 0
	Average stack size (kbytes): 0
	Average total size (kbytes): 0
	Maximum resident set size (kbytes): 475512
	Average resident set size (kbytes): 0
	Major (requiring I/O) page faults: 0
	Minor (reclaiming a frame) page faults: 115976
	Voluntary context switches: 769
	Involuntary context switches: 66
	Swaps: 0
	File system inputs: 0
	File system outputs: 3960
	Socket messages sent: 0
	Socket messages received: 0
	Signals delivered: 0
	Page size (bytes): 4096
	Exit status: 0
