c parsed a formula with 36 variables and 210 clauses
c VERIFIED
c allocated 1024 10755 360
c Added clauses = 9397.  Deleted clauses = 9380.  Max live clauses = 870
c verification time = 0.06 secs
	Command being timed: "/data/ramsey55/lrat-check data/certificates/r34-n9/r34-n9.cnf /data/ramsey55/r34-n9.lrat"
	User time (seconds): 0.03
	System time (seconds): 0.02
	Percent of CPU this job got: 96%
	Elapsed (wall clock) time (h:mm:ss or m:ss): 0:00.06
	Average shared text size (kbytes): 0
	Average unshared data size (kbytes): 0
	Average stack size (kbytes): 0
	Average total size (kbytes): 0
	Maximum resident set size (kbytes): 33792
	Average resident set size (kbytes): 0
	Major (requiring I/O) page faults: 0
	Minor (reclaiming a frame) page faults: 8272
	Voluntary context switches: 1
	Involuntary context switches: 1
	Swaps: 0
	File system inputs: 0
	File system outputs: 0
	Socket messages sent: 0
	Socket messages received: 0
	Signals delivered: 0
	Page size (bytes): 4096
	Exit status: 0
