	Command being timed: "env RAMSEY55_GLUE_LABEL=GLUE3512 RAMSEY55_GLUE_PBL=/data/ramsey55/external/barakeel-formal-poly592/src/glue3512_pbl_ramsey55_hardest128_v1 RAMSEY55_GLUE_THEORY_DIR=/data/ramsey55/external/barakeel-formal-poly592/src/work_glue3512_ramsey55_hardest128_pilot_v1 RAMSEY55_GLUE_EXPECTED_COUNT=1 RAMSEY55_GLUE_MEMORY_MB=20000 /data/ramsey55/external/barakeel-formal-poly592/HOL/bin/hol --q"
	User time (seconds): 6056.77
	System time (seconds): 186.85
	Percent of CPU this job got: 100%
	Elapsed (wall clock) time (h:mm:ss or m:ss): 1:43:51
	Average shared text size (kbytes): 0
	Average unshared data size (kbytes): 0
	Average stack size (kbytes): 0
	Average total size (kbytes): 0
	Maximum resident set size (kbytes): 21297100
	Average resident set size (kbytes): 0
	Major (requiring I/O) page faults: 0
	Minor (reclaiming a frame) page faults: 22272547
	Voluntary context switches: 779759
	Involuntary context switches: 11166
	Swaps: 0
	File system inputs: 0
	File system outputs: 19436288
	Socket messages sent: 0
	Socket messages received: 0
	Signals delivered: 0
	Page size (bytes): 4096
	Exit status: 0
