	Command being timed: "env RAMSEY55_GLUE_LABEL=GLUE3512 RAMSEY55_GLUE_PBL=/data/ramsey55/external/barakeel-formal-poly592/src/glue3512_pbl_ramsey55_hardest128_v1 /data/ramsey55/external/barakeel-formal-poly592/HOL/bin/hol --q"
	User time (seconds): 1.94
	System time (seconds): 0.33
	Percent of CPU this job got: 100%
	Elapsed (wall clock) time (h:mm:ss or m:ss): 0:02.27
	Average shared text size (kbytes): 0
	Average unshared data size (kbytes): 0
	Average stack size (kbytes): 0
	Average total size (kbytes): 0
	Maximum resident set size (kbytes): 181940
	Average resident set size (kbytes): 0
	Major (requiring I/O) page faults: 0
	Minor (reclaiming a frame) page faults: 142347
	Voluntary context switches: 235
	Involuntary context switches: 7
	Swaps: 0
	File system inputs: 0
	File system outputs: 48
	Socket messages sent: 0
	Socket messages received: 0
	Signals delivered: 0
	Page size (bytes): 4096
	Exit status: 0
